// Jest Snapshot v1, https://goo.gl/fbAQLP

exports[`ApplicationsPage should render succesfully 1`] = `
Array [
  <header
    className="lead-header short  bg-dust"
  >
    <div
      className="row full-width inner--3x"
    >
      <div
        className="large-12 columns"
      >
        <hgroup
          className="lead-header_group"
        >
          <h1
            className="lead-header_title small-serif c-oil"
          >
            Applications
          </h1>
        </hgroup>
      </div>
    </div>
  </header>,
  <section
    className="tabs-card-row row full-width inner--3x margin-bottom--2x padding-top--2x"
  >
    <div
      className="ReactTable"
      style={Object {}}
    >
      <div
        className="rt-table"
        style={undefined}
      >
        <div
          className="rt-thead -header"
          style={
            Object {
              "minWidth": "35px",
            }
          }
        >
          <div
            className="rt-tr"
            style={undefined}
          >
            <div
              className="rt-th"
              onClick={[Function]}
              role="heading"
              style={
                Object {
                  "flex": "35 0 auto",
                  "maxWidth": "35px",
                  "width": "35px",
                }
              }
            >
              <div
                className=""
              />
            </div>
          </div>
        </div>
        <div
          className="rt-tbody"
          style={
            Object {
              "minWidth": "35px",
            }
          }
        >
          <div
            className="rt-tr-group"
          >
            <div
              className="rt-tr -padRow -odd"
              style={Object {}}
            >
              <div
                className="rt-td"
                style={
                  Object {
                    "flex": "35 0 auto",
                    "maxWidth": "35px",
                    "width": "35px",
                  }
                }
              >
                <span>
                   
                </span>
              </div>
            </div>
          </div>
          <div
            className="rt-tr-group"
          >
            <div
              className="rt-tr -padRow -even"
              style={Object {}}
            >
              <div
                className="rt-td"
                style={
                  Object {
                    "flex": "35 0 auto",
                    "maxWidth": "35px",
                    "width": "35px",
                  }
                }
              >
                <span>
                   
                </span>
              </div>
            </div>
          </div>
          <div
            className="rt-tr-group"
          >
            <div
              className="rt-tr -padRow -odd"
              style={Object {}}
            >
              <div
                className="rt-td"
                style={
                  Object {
                    "flex": "35 0 auto",
                    "maxWidth": "35px",
                    "width": "35px",
                  }
                }
              >
                <span>
                   
                </span>
              </div>
            </div>
          </div>
          <div
            className="rt-tr-group"
          >
            <div
              className="rt-tr -padRow -even"
              style={Object {}}
            >
              <div
                className="rt-td"
                style={
                  Object {
                    "flex": "35 0 auto",
                    "maxWidth": "35px",
                    "width": "35px",
                  }
                }
              >
                <span>
                   
                </span>
              </div>
            </div>
          </div>
          <div
            className="rt-tr-group"
          >
            <div
              className="rt-tr -padRow -odd"
              style={Object {}}
            >
              <div
                className="rt-td"
                style={
                  Object {
                    "flex": "35 0 auto",
                    "maxWidth": "35px",
                    "width": "35px",
                  }
                }
              >
                <span>
                   
                </span>
              </div>
            </div>
          </div>
          <div
            className="rt-tr-group"
          >
            <div
              className="rt-tr -padRow -even"
              style={Object {}}
            >
              <div
                className="rt-td"
                style={
                  Object {
                    "flex": "35 0 auto",
                    "maxWidth": "35px",
                    "width": "35px",
                  }
                }
              >
                <span>
                   
                </span>
              </div>
            </div>
          </div>
          <div
            className="rt-tr-group"
          >
            <div
              className="rt-tr -padRow -odd"
              style={Object {}}
            >
              <div
                className="rt-td"
                style={
                  Object {
                    "flex": "35 0 auto",
                    "maxWidth": "35px",
                    "width": "35px",
                  }
                }
              >
                <span>
                   
                </span>
              </div>
            </div>
          </div>
          <div
            className="rt-tr-group"
          >
            <div
              className="rt-tr -padRow -even"
              style={Object {}}
            >
              <div
                className="rt-td"
                style={
                  Object {
                    "flex": "35 0 auto",
                    "maxWidth": "35px",
                    "width": "35px",
                  }
                }
              >
                <span>
                   
                </span>
              </div>
            </div>
          </div>
          <div
            className="rt-tr-group"
          >
            <div
              className="rt-tr -padRow -odd"
              style={Object {}}
            >
              <div
                className="rt-td"
                style={
                  Object {
                    "flex": "35 0 auto",
                    "maxWidth": "35px",
                    "width": "35px",
                  }
                }
              >
                <span>
                   
                </span>
              </div>
            </div>
          </div>
          <div
            className="rt-tr-group"
          >
            <div
              className="rt-tr -padRow -even"
              style={Object {}}
            >
              <div
                className="rt-td"
                style={
                  Object {
                    "flex": "35 0 auto",
                    "maxWidth": "35px",
                    "width": "35px",
                  }
                }
              >
                <span>
                   
                </span>
              </div>
            </div>
          </div>
          <div
            className="rt-tr-group"
          >
            <div
              className="rt-tr -padRow -odd"
              style={Object {}}
            >
              <div
                className="rt-td"
                style={
                  Object {
                    "flex": "35 0 auto",
                    "maxWidth": "35px",
                    "width": "35px",
                  }
                }
              >
                <span>
                   
                </span>
              </div>
            </div>
          </div>
          <div
            className="rt-tr-group"
          >
            <div
              className="rt-tr -padRow -even"
              style={Object {}}
            >
              <div
                className="rt-td"
                style={
                  Object {
                    "flex": "35 0 auto",
                    "maxWidth": "35px",
                    "width": "35px",
                  }
                }
              >
                <span>
                   
                </span>
              </div>
            </div>
          </div>
          <div
            className="rt-tr-group"
          >
            <div
              className="rt-tr -padRow -odd"
              style={Object {}}
            >
              <div
                className="rt-td"
                style={
                  Object {
                    "flex": "35 0 auto",
                    "maxWidth": "35px",
                    "width": "35px",
                  }
                }
              >
                <span>
                   
                </span>
              </div>
            </div>
          </div>
          <div
            className="rt-tr-group"
          >
            <div
              className="rt-tr -padRow -even"
              style={Object {}}
            >
              <div
                className="rt-td"
                style={
                  Object {
                    "flex": "35 0 auto",
                    "maxWidth": "35px",
                    "width": "35px",
                  }
                }
              >
                <span>
                   
                </span>
              </div>
            </div>
          </div>
          <div
            className="rt-tr-group"
          >
            <div
              className="rt-tr -padRow -odd"
              style={Object {}}
            >
              <div
                className="rt-td"
                style={
                  Object {
                    "flex": "35 0 auto",
                    "maxWidth": "35px",
                    "width": "35px",
                  }
                }
              >
                <span>
                   
                </span>
              </div>
            </div>
          </div>
          <div
            className="rt-tr-group"
          >
            <div
              className="rt-tr -padRow -even"
              style={Object {}}
            >
              <div
                className="rt-td"
                style={
                  Object {
                    "flex": "35 0 auto",
                    "maxWidth": "35px",
                    "width": "35px",
                  }
                }
              >
                <span>
                   
                </span>
              </div>
            </div>
          </div>
          <div
            className="rt-tr-group"
          >
            <div
              className="rt-tr -padRow -odd"
              style={Object {}}
            >
              <div
                className="rt-td"
                style={
                  Object {
                    "flex": "35 0 auto",
                    "maxWidth": "35px",
                    "width": "35px",
                  }
                }
              >
                <span>
                   
                </span>
              </div>
            </div>
          </div>
          <div
            className="rt-tr-group"
          >
            <div
              className="rt-tr -padRow -even"
              style={Object {}}
            >
              <div
                className="rt-td"
                style={
                  Object {
                    "flex": "35 0 auto",
                    "maxWidth": "35px",
                    "width": "35px",
                  }
                }
              >
                <span>
                   
                </span>
              </div>
            </div>
          </div>
          <div
            className="rt-tr-group"
          >
            <div
              className="rt-tr -padRow -odd"
              style={Object {}}
            >
              <div
                className="rt-td"
                style={
                  Object {
                    "flex": "35 0 auto",
                    "maxWidth": "35px",
                    "width": "35px",
                  }
                }
              >
                <span>
                   
                </span>
              </div>
            </div>
          </div>
          <div
            className="rt-tr-group"
          >
            <div
              className="rt-tr -padRow -even"
              style={Object {}}
            >
              <div
                className="rt-td"
                style={
                  Object {
                    "flex": "35 0 auto",
                    "maxWidth": "35px",
                    "width": "35px",
                  }
                }
              >
                <span>
                   
                </span>
              </div>
            </div>
          </div>
        </div>
      </div>
      <div
        className="pagination-bottom"
      >
        <div
          className="-pagination"
          style={undefined}
        >
          <div
            className="-previous"
          >
            <button
              className="-btn"
              disabled={true}
              onClick={[Function]}
              type="button"
            >
              Previous
            </button>
          </div>
          <div
            className="-center"
          >
            <span
              className="-pageInfo"
            >
              Page
               
              <div
                className="-pageJump"
              >
                <input
                  onBlur={[Function]}
                  onChange={[Function]}
                  onKeyPress={[Function]}
                  type="number"
                  value={1}
                />
              </div>
               
              of
               
              <span
                className="-totalPages"
              >
                1
              </span>
            </span>
            <span
              className="select-wrap -pageSizeOptions"
            >
              <select
                onChange={[Function]}
                value={20}
              >
                <option
                  value={5}
                >
                  5
                   
                  rows
                </option>
                <option
                  value={10}
                >
                  10
                   
                  rows
                </option>
                <option
                  value={20}
                >
                  20
                   
                  rows
                </option>
                <option
                  value={25}
                >
                  25
                   
                  rows
                </option>
                <option
                  value={50}
                >
                  50
                   
                  rows
                </option>
                <option
                  value={100}
                >
                  100
                   
                  rows
                </option>
              </select>
            </span>
          </div>
          <div
            className="-next"
          >
            <button
              className="-btn"
              disabled={true}
              onClick={[Function]}
              type="button"
            >
              Next
            </button>
          </div>
        </div>
      </div>
      <div
        className="rt-noData"
      >
        No rows found
      </div>
      <div
        className="-loading"
      >
        <div
          className="-loading-inner"
        >
          Loading...
        </div>
      </div>
    </div>
  </section>,
]
`;
