// Jest Snapshot v1, https://goo.gl/fbAQLP

exports[`ApplicationPage should render succesfully 1`] = `
Array [
  <header
    className="lead-header short  bg-snow"
  >
    <div
      className="row full-width inner--3x"
    >
      <div
        className="large-12 columns"
      >
        <hgroup
          className="lead-header_group"
        >
          <h1
            className="lead-header_title small-serif c-oil"
          >
            Application undefined
          </h1>
          <div
            className="medium-8 columns no-padding"
          >
            <p>
              <span>
                Name of Listing: 
                <a
                  href="/listings/1"
                />
              </span>
            </p>
          </div>
        </hgroup>
      </div>
    </div>
  </header>,
  <section
    className="tabs-card-row row full-width inner--3x margin-bottom--2x padding-top--2x"
  >
    <div
      className="app-card form-card tabs-card max-width expand-on-small"
    >
      <div>
        <div
          className="content-card padding-bottom-none margin-bottom--half bg-trans"
        >
          <h4
            className="content-card_title t-serif"
          >
            Application Data
          </h4>
          <ul
            className="content-grid"
          >
            <li
              className="content-item"
            >
              <div
                className="content-card"
              >
                <div
                  className="margin-bottom--half"
                >
                  <h4
                    className="t-sans t-small t-bold no-margin"
                  >
                    Lottery Number
                  </h4>
                  <p>
                    None
                  </p>
                </div>
                <div
                  className="margin-bottom--half"
                >
                  <h4
                    className="t-sans t-small t-bold no-margin"
                  >
                    Application Submission Type
                  </h4>
                  <p>
                    None
                  </p>
                </div>
                <div
                  className="margin-bottom--half"
                >
                  <h4
                    className="t-sans t-small t-bold no-margin"
                  >
                    Application Submitted Date
                  </h4>
                  <p>
                    04/23/2018
                  </p>
                </div>
                <div
                  className="margin-bottom--half"
                >
                  <h4
                    className="t-sans t-small t-bold no-margin"
                  >
                    Application Language
                  </h4>
                  <p>
                    None
                  </p>
                </div>
                <div
                  className="margin-bottom--half"
                >
                  <h4
                    className="t-sans t-small t-bold no-margin"
                  >
                    Total Household Size
                  </h4>
                  <p>
                    None
                  </p>
                </div>
              </div>
            </li>
            <li
              className="content-item"
            >
              <div
                className="content-card"
              >
                <div
                  className="margin-bottom--half"
                >
                  <h4
                    className="t-sans t-small t-bold no-margin"
                  >
                    Total Monthly Rent
                  </h4>
                  <p>
                    None
                  </p>
                </div>
                <div
                  className="margin-bottom--half"
                >
                  <h4
                    className="t-sans t-small t-bold no-margin"
                  >
                    Status
                  </h4>
                  <p>
                    None
                  </p>
                </div>
                <div
                  className="margin-bottom--half"
                >
                  <h4
                    className="t-sans t-small t-bold no-margin"
                  >
                    Referral Source
                  </h4>
                  <p>
                    None
                  </p>
                </div>
                <div
                  className="margin-bottom--half"
                >
                  <h4
                    className="t-sans t-small t-bold no-margin"
                  >
                    CreatedBy
                  </h4>
                  <p>
                    None
                  </p>
                </div>
              </div>
            </li>
          </ul>
        </div>
        <div
          className="content-card padding-bottom-none margin-bottom--half bg-trans"
        >
          <h4
            className="content-card_title t-serif"
          >
            Primary Applicant
          </h4>
          <ul
            className="content-grid"
          >
            <li
              className="content-item"
            >
              <div
                className="content-card"
              />
            </li>
            <li
              className="content-item"
            >
              <div
                className="content-card"
              />
            </li>
          </ul>
        </div>
        <div
          className="content-card padding-bottom-none margin-bottom--half bg-trans"
        >
          <h4
            className="content-card_title t-serif"
          >
            Alternate Contact
          </h4>
          <ul
            className="content-grid"
          >
            <li
              className="content-item"
            >
              <div
                className="content-card"
              />
            </li>
            <li
              className="content-item"
            >
              <div
                className="content-card"
              />
            </li>
          </ul>
        </div>
        <div
          className="content-card padding-bottom-none margin-bottom--half bg-trans"
        >
          <h4
            className="content-card_title t-serif"
          >
            Reserved and Priority Qualifying Information
          </h4>
          <ul
            className="content-grid"
          >
            <li
              className="content-item"
            >
              <div
                className="content-card"
              >
                <div
                  className="margin-bottom--half"
                >
                  <h4
                    className="t-sans t-small t-bold no-margin"
                  >
                    Has Military Service
                  </h4>
                  <p>
                    None
                  </p>
                </div>
                <div
                  className="margin-bottom--half"
                >
                  <h4
                    className="t-sans t-small t-bold no-margin"
                  >
                    Has DevelopmentalDisability
                  </h4>
                  <p>
                    None
                  </p>
                </div>
              </div>
            </li>
            <li
              className="content-item"
            >
              <div
                className="content-card"
              >
                <div
                  className="margin-bottom--half"
                >
                  <h4
                    className="t-sans t-small t-bold no-margin"
                  >
                    Has ADA Priorities Selected
                  </h4>
                  <p>
                    None
                  </p>
                </div>
                <div
                  className="margin-bottom--half"
                >
                  <h4
                    className="t-sans t-small t-bold no-margin"
                  >
                    Answered Community Screening
                  </h4>
                  <p>
                    None
                  </p>
                </div>
              </div>
            </li>
          </ul>
        </div>
        <div
          className="content-card padding-bottom-none margin-bottom--half bg-trans"
        >
          <h4
            className="content-card_title t-serif"
          >
            Declared Household Income
          </h4>
          <ul
            className="content-grid"
          >
            <li
              className="content-item"
            >
              <div
                className="content-card"
              >
                <div
                  className="margin-bottom--half"
                >
                  <h4
                    className="t-sans t-small t-bold no-margin"
                  >
                    Annual Income
                  </h4>
                  <p>
                    None
                  </p>
                </div>
                <div
                  className="margin-bottom--half"
                >
                  <h4
                    className="t-sans t-small t-bold no-margin"
                  >
                    Monthly Income
                  </h4>
                  <p>
                    None
                  </p>
                </div>
              </div>
            </li>
            <li
              className="content-item"
            >
              <div
                className="content-card"
              >
                <div
                  className="margin-bottom--half"
                >
                  <h4
                    className="t-sans t-small t-bold no-margin"
                  >
                    Housing Voucher or Subsidy
                  </h4>
                  <p>
                    None
                  </p>
                </div>
              </div>
            </li>
          </ul>
        </div>
        <div
          className="content-card"
        >
          <h4
            className="content-card_title t-serif"
          >
            Attachments
          </h4>
          <ul />
        </div>
      </div>
    </div>
  </section>,
]
`;
