// Jest Snapshot v1, https://goo.gl/fbAQLP

exports[`ConfirmationModal should render the modal as closed 1`] = `<DocumentFragment />`;
