// Jest Snapshot v1, https://goo.gl/fbAQLP

exports[`LeaveConfirmationModal it should render successfully 1`] = `
<LeaveConfirmationModal
  destination="/applications/asdf1234"
  handleClose={[MockFunction]}
  isOpen={true}
>
  <ConfirmationModal
    isOpen={true}
    onCloseClick={[MockFunction]}
    onSecondaryClick={[MockFunction]}
    primaryButtonDestination="/applications/asdf1234"
    primaryButtonIsAlert={true}
    primaryText="Discard Changes"
    secondaryText="Keep Editing"
    subtitle="You will lose your unsaved changes."
    title="Are you sure you want to leave this page?"
    titleId="leave-confirmation-modal"
  >
    <Modal
      handleClose={[MockFunction]}
      isOpen={true}
    >
      <Modal
        ariaHideApp={false}
        bodyOpenClassName="ReactModal__Body--open"
        closeTimeoutMS={0}
        isOpen={true}
        onRequestClose={[MockFunction]}
        parentSelector={[Function]}
        portalClassName="ReactModalPortal"
        role="dialog"
        shouldCloseOnEsc={true}
        shouldCloseOnOverlayClick={true}
        shouldFocusAfterRender={true}
        shouldReturnFocusAfterClose={true}
        style={
          Object {
            "content": Object {
              "border": "0",
              "borderRadius": "4px",
              "bottom": "auto",
              "left": "50%",
              "minHeight": "10rem",
              "opacity": "1",
              "overflow": "visible",
              "padding": "0px",
              "position": "fixed",
              "right": "auto",
              "top": "50%",
              "transform": "translate(-50%,-50%)",
              "width": "600px",
            },
            "overlay": Object {
              "backgroundColor": "rgba(0,0,0,0.3)",
            },
          }
        }
      >
        <Portal
          containerInfo={
            <div
              class="ReactModalPortal"
            >
              <div
                class="ReactModal__Overlay ReactModal__Overlay--after-open"
                style="position: fixed; top: 0px; left: 0px; right: 0px; bottom: 0px; background-color: rgba(0, 0, 0, 0.3);"
              >
                <div
                  class="ReactModal__Content ReactModal__Content--after-open"
                  role="dialog"
                  style="position: fixed; top: 50%; left: 50%; border: 0px; background: rgb(255, 255, 255); overflow: visible; border-radius: 4px; outline: none; padding: 0px; opacity: 1; min-height: 10rem; transform: translate(-50%,-50%); width: 600px;"
                  tabindex="-1"
                >
                  <div
                    aria-hidden="true"
                    aria-labelledby="modalTitle"
                    role="dialog"
                  >
                    <header
                      class="modal-inner margin-top"
                      id="leave-confirmation-modal"
                    >
                      <h1
                        class="modal-title t-gamma no-margin"
                      >
                        Are you sure you want to leave this page?
                      </h1>
                    </header>
                    <section
                      class="modal-inner"
                    >
                      <p>
                        You will lose your unsaved changes.
                      </p>
                    </section>
                    <footer
                      class="modal-footer bg-dust"
                    >
                      <div
                        class="modal-button-group row"
                      >
                        <div
                          class="modal-button_item modal-button_secondary"
                        >
                          <a
                            class="button alert"
                            href="/applications/asdf1234"
                            type="button"
                          >
                            Discard Changes
                          </a>
                        </div>
                        <div
                          class="modal-button_item modal-button_secondary"
                        >
                          <button
                            class="button no-border"
                            type="button"
                          >
                            Keep Editing
                          </button>
                        </div>
                      </div>
                    </footer>
                    <button
                      aria-label="Close modal"
                      class="button button-link close-reveal-modal"
                    >
                      <span
                        class="sr-only"
                      >
                        Close
                      </span>
                      <span
                        class="ui-icon ui-medium i-primary"
                      >
                        <svg>
                          <use
                            xlink:href="#i-close"
                          />
                        </svg>
                      </span>
                    </button>
                  </div>
                </div>
              </div>
            </div>
          }
        >
          <ModalPortal
            ariaHideApp={false}
            bodyOpenClassName="ReactModal__Body--open"
            closeTimeoutMS={0}
            defaultStyles={
              Object {
                "content": Object {
                  "WebkitOverflowScrolling": "touch",
                  "background": "#fff",
                  "border": "1px solid #ccc",
                  "borderRadius": "4px",
                  "bottom": "40px",
                  "left": "40px",
                  "outline": "none",
                  "overflow": "auto",
                  "padding": "20px",
                  "position": "absolute",
                  "right": "40px",
                  "top": "40px",
                },
                "overlay": Object {
                  "backgroundColor": "rgba(255, 255, 255, 0.75)",
                  "bottom": 0,
                  "left": 0,
                  "position": "fixed",
                  "right": 0,
                  "top": 0,
                },
              }
            }
            isOpen={true}
            onRequestClose={[MockFunction]}
            parentSelector={[Function]}
            portalClassName="ReactModalPortal"
            role="dialog"
            shouldCloseOnEsc={true}
            shouldCloseOnOverlayClick={true}
            shouldFocusAfterRender={true}
            shouldReturnFocusAfterClose={true}
            style={
              Object {
                "content": Object {
                  "border": "0",
                  "borderRadius": "4px",
                  "bottom": "auto",
                  "left": "50%",
                  "minHeight": "10rem",
                  "opacity": "1",
                  "overflow": "visible",
                  "padding": "0px",
                  "position": "fixed",
                  "right": "auto",
                  "top": "50%",
                  "transform": "translate(-50%,-50%)",
                  "width": "600px",
                },
                "overlay": Object {
                  "backgroundColor": "rgba(0,0,0,0.3)",
                },
              }
            }
          >
            <div
              className="ReactModal__Overlay ReactModal__Overlay--after-open"
              onClick={[Function]}
              onMouseDown={[Function]}
              style={
                Object {
                  "backgroundColor": "rgba(0,0,0,0.3)",
                  "bottom": 0,
                  "left": 0,
                  "position": "fixed",
                  "right": 0,
                  "top": 0,
                }
              }
            >
              <div
                className="ReactModal__Content ReactModal__Content--after-open"
                onClick={[Function]}
                onKeyDown={[Function]}
                onMouseDown={[Function]}
                onMouseUp={[Function]}
                role="dialog"
                style={
                  Object {
                    "WebkitOverflowScrolling": "touch",
                    "background": "#fff",
                    "border": "0",
                    "borderRadius": "4px",
                    "bottom": "auto",
                    "left": "50%",
                    "minHeight": "10rem",
                    "opacity": "1",
                    "outline": "none",
                    "overflow": "visible",
                    "padding": "0px",
                    "position": "fixed",
                    "right": "auto",
                    "top": "50%",
                    "transform": "translate(-50%,-50%)",
                    "width": "600px",
                  }
                }
                tabIndex="-1"
              >
                <Component
                  handleClose={[MockFunction]}
                  hidden={true}
                >
                  <div
                    aria-hidden={true}
                    aria-labelledby="modalTitle"
                    role="dialog"
                  >
                    <Component
                      id="leave-confirmation-modal"
                      title="Are you sure you want to leave this page?"
                    >
                      <header
                        className="modal-inner margin-top"
                        id="leave-confirmation-modal"
                      >
                        <h1
                          className="modal-title t-gamma no-margin"
                        >
                          Are you sure you want to leave this page?
                        </h1>
                      </header>
                    </Component>
                    <Component>
                      <section
                        className="modal-inner"
                      >
                        <p>
                          You will lose your unsaved changes.
                        </p>
                      </section>
                    </Component>
                    <Component>
                      <footer
                        className="modal-footer bg-dust"
                      >
                        <div
                          className="modal-button-group row"
                        >
                          <div
                            className="modal-button_item modal-button_secondary"
                          >
                            <a
                              className="button alert"
                              href="/applications/asdf1234"
                              onClick={[Function]}
                              type="button"
                            >
                              Discard Changes
                            </a>
                          </div>
                          <div
                            className="modal-button_item modal-button_secondary"
                          >
                            <button
                              className="button no-border"
                              onClick={[MockFunction]}
                              type="button"
                            >
                              Keep Editing
                            </button>
                          </div>
                        </div>
                      </footer>
                    </Component>
                    <button
                      aria-label="Close modal"
                      className="button button-link close-reveal-modal"
                      onClick={[MockFunction]}
                    >
                      <span
                        className="sr-only"
                      >
                        Close
                      </span>
                      <span
                        className="ui-icon ui-medium i-primary"
                      >
                        <svg>
                          <use
                            xlinkHref="#i-close"
                          />
                        </svg>
                      </span>
                    </button>
                  </div>
                </Component>
              </div>
            </div>
          </ModalPortal>
        </Portal>
      </Modal>
    </Modal>
  </ConfirmationModal>
</LeaveConfirmationModal>
`;
