// Jest Snapshot v1, https://goo.gl/fbAQLP

exports[`StatusHistoryPopover when there are fewer than 4 status items it matches snapshot when open 1`] = `
<StatusHistoryPopover
  applicationId="app_id"
>
  <Popover
    buttonElement={[Function]}
    onButtonClick={[Function]}
  >
    <button
      className="button-icon-only"
      onClick={[Function]}
    >
      <StyledIcon
        customFill="#767676"
        customSizeRem="1.2rem"
        icon="list-unordered"
      >
        <svg
          style={
            Object {
              "fill": "#767676",
              "height": "1.2rem",
              "width": "1.2rem",
            }
          }
        >
          <use
            style={
              Object {
                "fill": "#767676",
              }
            }
            xlinkHref="#i-list-unordered"
          />
        </svg>
      </StyledIcon>
    </button>
    <div
      className="popper-container"
      data-popper-escaped={true}
      data-popper-placement="bottom"
      data-popper-reference-hidden={true}
      style={
        Object {
          "bottom": "auto",
          "left": "0",
          "position": "absolute",
          "right": "auto",
          "top": "0",
          "transform": "translate(0px, 32px)",
        }
      }
    >
      <div
        id="arrow"
        style={
          Object {
            "left": "0",
            "position": "absolute",
            "top": "",
            "transform": "translate(0px, 0px)",
          }
        }
      />
      <Loading
        isLoading={false}
      >
        <div
          className="loading-panel"
        >
          <StatusItems
            height={null}
            limit={4}
            statusItems={
              Array [
                Object {
                  "comment": "Lorem ipsum dolor sit amet, consectetur adipiscing elit. Pellentesque bibendum condimentum lorem consectetur eleifend.",
                  "status": "Approved",
                  "substatus": "Approval letter sent",
                  "timestamp": 1598385600,
                },
                Object {
                  "comment": "Lorem ipsum dolor sit amet, consectetur adipiscing elit. Pellentesque bibendum condimentum lorem consectetur eleifend.",
                  "status": "Approved",
                  "substatus": "Approval letter sent",
                  "timestamp": 1598385600,
                },
              ]
            }
          >
            <div
              className="status-items"
              style={Object {}}
            >
              <StatusItem
                key="0"
                statusItem={
                  Object {
                    "comment": "Lorem ipsum dolor sit amet, consectetur adipiscing elit. Pellentesque bibendum condimentum lorem consectetur eleifend.",
                    "status": "Approved",
                    "substatus": "Approval letter sent",
                    "timestamp": 1598385600,
                  }
                }
              >
                <div
                  className="status-item"
                >
                  <div
                    className="status-item-header"
                  >
                    <StatusPill
                      status="Approved"
                    >
                      <div
                        className="status-pill is-approved"
                      >
                        Approved
                      </div>
                    </StatusPill>
                    <StatusDate
                      timestamp={1598385600}
                    >
                      <div
                        className="status-item-date"
                      >
                        Aug 25, 2020
                      </div>
                    </StatusDate>
                  </div>
                  <div
                    className="item-substatus-text"
                  >
                    Approval letter sent
                  </div>
                  <div
                    className="status-item-text"
                  >
                    Lorem ipsum dolor sit amet, consectetur adipiscing elit. Pellentesque bibendum condimentum lorem consectetur eleifend.
                  </div>
                </div>
              </StatusItem>
              <StatusItem
                key="1"
                statusItem={
                  Object {
                    "comment": "Lorem ipsum dolor sit amet, consectetur adipiscing elit. Pellentesque bibendum condimentum lorem consectetur eleifend.",
                    "status": "Approved",
                    "substatus": "Approval letter sent",
                    "timestamp": 1598385600,
                  }
                }
              >
                <div
                  className="status-item"
                >
                  <div
                    className="status-item-header"
                  >
                    <StatusPill
                      status="Approved"
                    >
                      <div
                        className="status-pill is-approved"
                      >
                        Approved
                      </div>
                    </StatusPill>
                    <StatusDate
                      timestamp={1598385600}
                    >
                      <div
                        className="status-item-date"
                      >
                        Aug 25, 2020
                      </div>
                    </StatusDate>
                  </div>
                  <div
                    className="item-substatus-text"
                  >
                    Approval letter sent
                  </div>
                  <div
                    className="status-item-text"
                  >
                    Lorem ipsum dolor sit amet, consectetur adipiscing elit. Pellentesque bibendum condimentum lorem consectetur eleifend.
                  </div>
                </div>
              </StatusItem>
            </div>
          </StatusItems>
        </div>
      </Loading>
    </div>
  </Popover>
</StatusHistoryPopover>
`;
