// Jest Snapshot v1, https://goo.gl/fbAQLP

exports[`TabsMenu it should render correctly 1`] = `
<TabsSection
  background="snow"
  currentUrl="/url1"
  items={
    Array [
      Object {
        "title": "Short Form Application",
        "url": "/url1",
      },
      Object {
        "active": true,
        "title": "Supplemental Information",
        "url": "/url2",
      },
    ]
  }
>
  <div
    className="tabs-section tabs-row row full-width inner--3x bg-snow"
  >
    <TabsMenu
      currentUrl="/url1"
      items={
        Array [
          Object {
            "title": "Short Form Application",
            "url": "/url1",
          },
          Object {
            "active": true,
            "title": "Supplemental Information",
            "url": "/url2",
          },
        ]
      }
    >
      <ul
        className="tabs full-width-small-only"
        role="menubar"
      >
        <Tab
          key="Short Form Application"
          linkRefs={[Function]}
          onFocus={[Function]}
          onKeyDown={[Function]}
          title="Short Form Application"
          url="/url1"
        >
          <li
            className="tab-title"
            role="none"
          >
            <a
              href="/url1"
              onFocus={[Function]}
              onKeyDown={[Function]}
              role="menuitem"
              tabIndex="0"
            >
              Short Form Application
            </a>
          </li>
        </Tab>
        <Tab
          active={true}
          key="Supplemental Information"
          linkRefs={[Function]}
          onFocus={[Function]}
          onKeyDown={[Function]}
          title="Supplemental Information"
          url="/url2"
        >
          <li
            className="tab-title active"
            role="none"
          >
            <a
              aria-selected={true}
              href="/url2"
              onFocus={[Function]}
              onKeyDown={[Function]}
              role="menuitem"
              tabIndex="-1"
            >
              Supplemental Information
            </a>
          </li>
        </Tab>
      </ul>
    </TabsMenu>
  </div>
  <TabCard
    padding={false}
  >
    <section
      className="tabs-card-row row full-width inner--3x margin-bottom--2x"
    />
  </TabCard>
</TabsSection>
`;
