// Jest Snapshot v1, https://goo.gl/fbAQLP

exports[`LayeredPreferencePanel should render successfully 1`] = `
<DocumentFragment>
  <div
    class="form-grid row margin-left-none margin-right-none"
  >
    <div
      class="form-grid_item column small-6"
    >
      <div
        class="form-group"
      >
        <label
          for=""
        >
          Preference Name
        </label>
        <div
          class="text-value"
        >
          Veteran status
        </div>
      </div>
    </div>
    <div
      class="form-grid_item column small-6"
    >
      <div
        class="form-group"
      >
        <label
          for=""
        >
          HH Member on Proof
        </label>
        <div
          class="text-value"
        >
          John Doe
        </div>
      </div>
    </div>
    <div
      class="form-grid_item column small-6"
    >
      <div
        class="form-group"
      >
        <label
          for=""
        >
          Type of Proof
        </label>
        <div
          class="text-value"
        >
          DD Form 214
        </div>
      </div>
    </div>
    <div
      class="form-grid_item column small-6"
    >
      <div
        class="form-group"
      >
        <label
          for=""
        >
          Status
        </label>
        <div
          class="text-value"
        >
          Unconfirmed
        </div>
      </div>
    </div>
  </div>
  <div
    class="form-grid row margin-left-none margin-right-none"
  >
    <div
      class="form-group"
    >
      <div
        class="form-grid_item large-12 column padding-bottom"
      >
        <p
          class="t-base c-steel"
        >
          Veteran status already confirmed by MOHCD.
        </p>
      </div>
    </div>
  </div>
</DocumentFragment>
`;

exports[`RentBurdenedPanel should render successfully 1`] = `
<DocumentFragment>
  <form>
    <div
      class="form-grid row margin-left-none margin-right-none"
    >
      <div
        class="form-grid_item column small-6"
      >
        <div
          class="form-group"
        >
          <label
            for=""
          >
            Preference Name
          </label>
          <div
            class="text-value"
          >
            Rent Burdened Housing Preference
          </div>
        </div>
      </div>
      <div
        class="form-grid_item column small-6"
      >
        <div
          class="form-group"
        >
          <div
            class="form-group"
          >
            <label
              class="form-label"
              for="form-total_monthly_rent"
              id="label-total_monthly_rent"
            >
              Total Household Monthly Rent
            </label>
            <input
              class=""
              id="form-total_monthly_rent"
              name="total_monthly_rent"
              placeholder="Enter Amount"
              type="text"
              value=""
            />
          </div>
        </div>
      </div>
      <div
        class="form-grid_item column small-6"
      >
        <div
          class="form-group"
        >
          <div
            class="form-group"
          >
            <label
              class="form-label"
              for="form-preferences.1.post_lottery_validation"
              id="label-preferences-1.post_lottery_validation"
            >
              Status
            </label>
            <select
              class="preference-status-select"
              id="form-preferences.1.post_lottery_validation"
              name="preferences.1.post_lottery_validation"
            >
              <option
                disabled=""
                value=""
              >
                Select One...
              </option>
              <option
                value="Unconfirmed"
              >
                Unconfirmed
              </option>
              <option
                value="Confirmed"
              >
                Confirmed
              </option>
              <option
                value="Invalid"
              >
                Invalid
              </option>
            </select>
          </div>
        </div>
      </div>
    </div>
  </form>
</DocumentFragment>
`;
