// Jest Snapshot v1, https://goo.gl/fbAQLP

exports[`LeaseUpSidebarButtons should render correctly with desktop styling 1`] = `
<Fragment>
  <button
    className="primary save-button"
    onClick={null}
  >
    Save
  </button>
  <div
    className="status-history-buttons"
  >
    <StatusDropdown
      buttonClasses={
        Array [
          "tight-padding",
        ]
      }
      onChange={null}
      status="Approved"
    />
    <button
      className="tertiary tight-padding"
      onClick={null}
    >
      Add a comment
    </button>
  </div>
</Fragment>
`;

exports[`LeaseUpSidebarButtons should render correctly with mobile styling 1`] = `
<Fragment>
  <div
    className="status-history-buttons"
  >
    <StatusDropdown
      buttonClasses={
        Array [
          "tight-padding",
        ]
      }
      onChange={null}
      status="Approved"
    />
    <button
      className="tertiary tight-padding"
      onClick={null}
    >
      Add a comment
    </button>
  </div>
  <button
    className="primary save-button"
    onClick={null}
  >
    Save
  </button>
</Fragment>
`;

exports[`LeaseUpSidebarButtons should render desktop styling by default 1`] = `
<Fragment>
  <button
    className="primary save-button"
    onClick={null}
  >
    Save
  </button>
  <div
    className="status-history-buttons"
  >
    <StatusDropdown
      buttonClasses={
        Array [
          "tight-padding",
        ]
      }
      onChange={null}
      status="Approved"
    />
    <button
      className="tertiary tight-padding"
      onClick={null}
    >
      Add a comment
    </button>
  </div>
</Fragment>
`;
