// Jest Snapshot v1, https://goo.gl/fbAQLP

exports[`TabsMenu should render tab 1`] = `
<TabsMenu
  items={
    Array [
      Object {
        "active": true,
        "title": "Short Form Application",
        "url": "/url1",
      },
      Object {
        "title": "Supplemental Information",
        "url": "/url2",
      },
    ]
  }
>
  <ul
    className="tabs full-width-small-only"
    role="menubar"
  >
    <Tab
      active={true}
      key="Short Form Application"
      linkRefs={[Function]}
      onFocus={[Function]}
      onKeyDown={[Function]}
      title="Short Form Application"
      url="/url1"
    >
      <li
        className="tab-title active"
        role="none"
      >
        <a
          aria-selected={true}
          href="/url1"
          onFocus={[Function]}
          onKeyDown={[Function]}
          role="menuitem"
          tabIndex="-1"
        >
          Short Form Application
        </a>
      </li>
    </Tab>
    <Tab
      key="Supplemental Information"
      linkRefs={[Function]}
      onFocus={[Function]}
      onKeyDown={[Function]}
      title="Supplemental Information"
      url="/url2"
    >
      <li
        className="tab-title"
        role="none"
      >
        <a
          href="/url2"
          onFocus={[Function]}
          onKeyDown={[Function]}
          role="menuitem"
          tabIndex="0"
        >
          Supplemental Information
        </a>
      </li>
    </Tab>
  </ul>
</TabsMenu>
`;
