// Jest Snapshot v1, https://goo.gl/fbAQLP

exports[`ListingsPage should render succesfully 1`] = `
Array [
  <header
    className="lead-header short  bg-snow"
  >
    <div
      className="row full-width inner--3x"
    >
      <div
        className="large-12 columns"
      >
        <hgroup
          className="lead-header_group"
        >
          <h1
            className="lead-header_title small-serif c-oil"
          >
            xxx2
          </h1>
        </hgroup>
      </div>
    </div>
  </header>,
  <div
    className="tabs-section tabs-row row full-width inner--3x bg-snow"
  >
    <ul
      className="tabs full-width-small-only"
      role="menubar"
    >
      <li
        className="tab-title"
        role="none"
      >
        <a
          aria-selected={false}
          href="/listings/1"
          onFocus={[Function]}
          onKeyDown={[Function]}
          role="menuitem"
          tabIndex="0"
        >
          Listing Details
        </a>
      </li>
      <li
        className="tab-title"
        role="none"
      >
        <a
          aria-selected={false}
          href="/listings/1/applications"
          onFocus={[Function]}
          onKeyDown={[Function]}
          role="menuitem"
          tabIndex="0"
        >
          Applications
        </a>
      </li>
    </ul>
  </div>,
  <section
    className="tabs-card-row row full-width inner--3x margin-bottom--2x"
  >
    <div
      className="app-card form-card tabs-card max-width expand-on-small"
    >
      <div>
        <div
          className="content-card padding-bottom-none margin-bottom--half bg-trans"
        >
          <h4
            className="content-card_title t-serif"
          >
            Details
          </h4>
          <ul
            className="content-grid"
          >
            <li
              className="content-item"
            >
              <div
                className="content-card"
              >
                <div
                  className="margin-bottom--half"
                >
                  <h4
                    className="t-sans t-small t-bold no-margin"
                  >
                    Name
                  </h4>
                  <p>
                    xxx2
                  </p>
                </div>
                <div
                  className="margin-bottom--half"
                >
                  <h4
                    className="t-sans t-small t-bold no-margin"
                  >
                    Application Due Date
                  </h4>
                  <p>
                    04/23/2018
                  </p>
                </div>
              </div>
            </li>
            <li
              className="content-item"
            >
              <div
                className="content-card"
              />
            </li>
          </ul>
        </div>
        <div
          className="content-card padding-bottom-none margin-bottom--half bg-trans"
        >
          <h4
            className="content-card_title t-serif"
          >
            Building Information
          </h4>
          <ul
            className="content-grid"
          >
            <li
              className="content-item"
            >
              <div
                className="content-card"
              />
            </li>
            <li
              className="content-item"
            >
              <div
                className="content-card"
              />
            </li>
          </ul>
        </div>
        <div
          className="content-card padding-bottom-none margin-bottom--half bg-trans"
        >
          <h4
            className="content-card_title t-serif"
          >
            Accessibility, Amenities, Fees
          </h4>
          <ul
            className="content-grid"
          >
            <li
              className="content-item"
            >
              <div
                className="content-card"
              />
            </li>
            <li
              className="content-item"
            >
              <div
                className="content-card"
              />
            </li>
          </ul>
        </div>
        <div
          className="content-card padding-bottom-none margin-bottom--half bg-trans"
        >
          <h4
            className="content-card_title t-serif"
          >
            Lottery Information
          </h4>
          <ul
            className="content-grid"
          >
            <li
              className="content-item"
            >
              <div
                className="content-card"
              >
                <div
                  className="margin-bottom--half"
                >
                  <h4
                    className="t-sans t-small t-bold no-margin"
                  >
                    Lottery Date
                  </h4>
                  <p>
                    04/23/2018
                  </p>
                </div>
                <div
                  className="margin-bottom--half"
                >
                  <h4
                    className="t-sans t-small t-bold no-margin"
                  >
                    Lottery Results Date
                  </h4>
                  <p>
                    04/23/2018
                  </p>
                </div>
              </div>
            </li>
            <li
              className="content-item"
            >
              <div
                className="content-card"
              />
            </li>
          </ul>
        </div>
        <div
          className="content-card padding-bottom-none margin-bottom--half bg-trans"
        >
          <h4
            className="content-card_title t-serif"
          >
            Application Information
          </h4>
          <ul
            className="content-grid"
          >
            <li
              className="content-item"
            >
              <div
                className="content-card"
              />
            </li>
            <li
              className="content-item"
            >
              <div
                className="content-card"
              />
            </li>
          </ul>
        </div>
        <div
          className="content-card padding-bottom-none margin-bottom--half bg-trans"
        >
          <h4
            className="content-card_title t-serif"
          >
            Leasing Agent and Developer Information
          </h4>
          <ul
            className="content-grid"
          >
            <li
              className="content-item"
            >
              <div
                className="content-card"
              />
            </li>
            <li
              className="content-item"
            >
              <div
                className="content-card"
              />
            </li>
          </ul>
        </div>
        <div
          className="content-card padding-bottom-none margin-bottom--half bg-trans"
        >
          <h4
            className="content-card_title t-serif"
          >
            Additional Eligibility Rules
          </h4>
          <ul
            className="content-grid"
          >
            <li
              className="content-item"
            >
              <div
                className="content-card"
              />
            </li>
            <li
              className="content-item"
            >
              <div
                className="content-card"
              />
            </li>
          </ul>
        </div>
        <div
          className="content-card padding-bottom-none margin-bottom--half bg-trans"
        >
          <h4
            className="content-card_title t-serif"
          >
            Additional Information
          </h4>
          <ul
            className="content-grid"
          >
            <li
              className="content-item"
            >
              <div
                className="content-card"
              />
            </li>
            <li
              className="content-item"
            >
              <div
                className="content-card"
              />
            </li>
          </ul>
        </div>
      </div>
    </div>
  </section>,
]
`;
