// Jest Snapshot v1, https://goo.gl/fbAQLP

exports[`LeaseUpApplicationsFilterContainer it matches the expected snapshot with default preferences 1`] = `
<ContextProvider
  value={
    Object {
      "batch": [Function],
      "blur": [Function],
      "change": [Function],
      "destroyOnUnregister": false,
      "focus": [Function],
      "getFieldState": [Function],
      "getRegisteredFields": [Function],
      "getState": [Function],
      "initialize": [Function],
      "isValidationPaused": [Function],
      "mutators": Object {},
      "pauseValidation": [Function],
      "registerField": [Function],
      "reset": [Function],
      "resetFieldState": [Function],
      "restart": [Function],
      "resumeValidation": [Function],
      "setConfig": [Function],
      "submit": [Function],
      "subscribe": [Function],
    }
  }
>
  <form
    noValidate={true}
    onSubmit={[Function]}
    style={
      Object {
        "marginBottom": 0,
      }
    }
  >
    <div
      className="filter-row"
    >
      <div
        className="filter-group filter-group--left"
      >
        <div
          style={
            Object {
              "alignItems": "center",
              "display": "flex",
              "marginBottom": "1.25rem",
              "paddingRight": "1rem",
            }
          }
        >
          <Checkbox
            checked={false}
            id="bulk-edit-controller"
            indeterminate={false}
            onClick={[Function]}
          />
        </div>
        <div
          className="filter-group_action"
        >
          <StatusDropdown
            disabled={true}
            forceDisplayPlaceholderText={true}
            minWidthPx="185px"
            onChange={[Function]}
            placeholder="Set Status"
          />
        </div>
      </div>
      <div
        className="filter-group"
      >
        <div
          className="filter-group_item__large"
        >
          <SearchField
            fieldName="search"
            id="test-search"
            minWidth="300px"
            onClearClick={[Function]}
            placeholder="Application, First Name, Last Name..."
          />
        </div>
        <div
          className="filter-group_action"
        >
          <Button
            className="primary tertiary-inverse"
            text="Search"
            type="submit"
          />
        </div>
        <div
          className="filter-group_action"
        >
          <ShowHideFiltersButton
            isShowingFilters={false}
            numFiltersApplied={0}
            onClick={[Function]}
          />
        </div>
      </div>
    </div>
  </form>
</ContextProvider>
`;
